15-Sep-2026 09:12:03.101 INFO [main] org.apache.catalina.startup.VersionLoggerListener.log Server version: Apache Tomcat/9.0.83
15-Sep-2026 09:12:03.234 INFO [main] org.apache.catalina.startup.VersionLoggerListener.log Server built: Aug 25 2026 14:32:11 UTC
15-Sep-2026 09:12:03.567 INFO [main] org.apache.catalina.startup.VersionLoggerListener.log OS Name: Linux, Version: 5.15.0-88-generic
15-Sep-2026 09:12:04.123 INFO [main] org.apache.catalina.startup.VersionLoggerListener.log JVM: OpenJDK 64-Bit Server VM, 11.0.20+8, Vendor: Eclipse Adoptium
15-Sep-2026 09:12:05.890 INFO [main] org.apache.coyote.AbstractProtocol.init Initializing ProtocolHandler ["http-nio-8080"]
15-Sep-2026 09:12:06.234 INFO [main] org.apache.catalina.startup.Catalina.load Server initialization in [1843] milliseconds
15-Sep-2026 09:12:09.567 INFO [main] org.apache.catalina.core.StandardService.startInternal Starting service [Catalina]
15-Sep-2026 09:12:09.678 INFO [main] org.apache.catalina.core.StandardEngine.startInternal Starting Servlet engine: [Apache Tomcat/9.0.83]
15-Sep-2026 09:12:10.111 INFO [main] org.apache.catalina.startup.HostConfig.deployWAR Deploying web application archive [/usr/local/tomcat/webapps/ROOT.war]
15-Sep-2026 09:12:15.999 INFO [main] org.apache.catalina.startup.HostConfig.deployWAR Deployment of web application archive [/usr/local/tomcat/webapps/ROOT.war] has finished in [5888] ms
15-Sep-2026 09:12:16.123 INFO [main] org.apache.coyote.AbstractProtocol.start Starting ProtocolHandler ["http-nio-8080"]
15-Sep-2026 09:12:16.234 INFO [main] org.apache.catalina.startup.Catalina.start Server startup in [12356] milliseconds
15-Sep-2026 10:22:41.567 SEVERE [http-nio-8080-exec-5] org.apache.catalina.core.StandardWrapperValve.invoke Servlet.service() for servlet [dispatcherServlet] in context with path [/api] threw exception [Request processing failed; nested exception is java.lang.NullPointerException] with root cause
java.lang.NullPointerException: Cannot invoke "com.example.entity.User.getUsername()" because "user" is null
    at com.example.controller.OrderController.getOrder(OrderController.java:88)
    at com.example.controller.OrderController$$FastClassBySpringCGLIB$$1a2b3c.invoke(<generated>)
    at org.springframework.cglib.proxy.MethodProxy.invoke(MethodProxy.java:218)
    at org.springframework.aop.framework.CglibAopProxy$CglibMethodInvocation.invokeJoinpoint(CglibAopProxy.java:793)
    at org.springframework.aop.framework.ReflectiveMethodInvocation.proceed(ReflectiveMethodInvocation.java:163)
    at org.springframework.web.servlet.DispatcherServlet.doDispatch(DispatcherServlet.java:1072)
    at org.springframework.web.servlet.DispatcherServlet.doService(DispatcherServlet.java:965)
    at org.springframework.web.servlet.FrameworkServlet.processRequest(FrameworkServlet.java:1006)
    at java.base/java.util.concurrent.ThreadPoolExecutor.runWorker(ThreadPoolExecutor.java:1128)
    at java.base/java.lang.Thread.run(Thread.java:829)
15-Sep-2026 11:05:33.890 WARNING [http-nio-8080-exec-12] org.apache.tomcat.jdbc.pool.ConnectionPool.getConnection Connection pool exhausted, waited 30000 ms for connection, giving up
15-Sep-2026 11:05:33.891 SEVERE [http-nio-8080-exec-12] org.apache.tomcat.jdbc.pool.ConnectionPool.borrowConnectionTimeout Unable to borrow connection from pool: timeout after 30000ms
com.mysql.cj.jdbc.exceptions.CommunicationsException: Communications link failure
    at com.mysql.cj.jdbc.exceptions.SQLError.createCommunicationsException(SQLError.java:174)
    at com.mysql.cj.jdbc.ConnectionImpl.<init>(ConnectionImpl.java:448)
    at com.mysql.cj.jdbc.ConnectionImpl.getInstance(ConnectionImpl.java:241)
15-Sep-2026 11:05:33.892 SEVERE [http-nio-8080-exec-12] org.apache.catalina.core.StandardWrapperValve.invoke Servlet.service() for servlet [dispatcherServlet] threw exception
org.springframework.jdbc.CannotGetJdbcConnectionException: Failed to obtain JDBC Connection; nested exception is java.sql.SQLTransientConnectionException: HikariPool-1 - Connection is not available, request timed out after 30000ms
    at org.springframework.jdbc.datasource.DataSourceUtils.getConnection(DataSourceUtils.java:83)
15-Sep-2026 13:40:12.345 SEVERE [http-nio-8080-Acceptor-0] org.apache.tomcat.util.net.Acceptor.run Socket accept failed
java.net.SocketException: Too many open files
    at java.base/sun.nio.ch.ServerSocketChannelImpl.accept0(Native Method)
    at java.base/sun.nio.ch.ServerSocketChannelImpl.accept(ServerSocketChannelImpl.java:533)
15-Sep-2026 14:15:22.678 WARNING [Catalina-utility-1] org.apache.catalina.webresources.Cache.getResource Unable to add the resource at [/WEB-INF/lib/xxx.jar] to the cache for web application [/api] because there was insufficient free space available after evicting expired cache entries
15-Sep-2026 15:02:44.111 SEVERE [http-nio-8080-exec-200] org.apache.catalina.core.StandardThreadExecutor.???
java.lang.OutOfMemoryError: Java heap space
    at java.base/java.util.Arrays.copyOf(Arrays.java:3537)
    at java.base/java.lang.AbstractStringBuilder.ensureCapacityInternal(AbstractStringBuilder.java:228)
    at java.base/java.lang.StringBuilder.append(StringBuilder.java:214)
    at com.example.service.ReportService.exportAllOrders(ReportService.java:156)
    at com.example.controller.ReportController.export(ReportController.java:42)
Exception in thread "http-nio-8080-exec-201" java.lang.OutOfMemoryError: Java heap space
    at com.example.service.ReportService.buildReportRow(ReportService.java:203)
    at com.example.service.ReportService.exportAllOrders(ReportService.java:158)
15-Sep-2026 15:02:50.999 SEVERE [ContainerBackgroundProcessor[StandardEngine[Catalina]]] org.apache.catalina.core.ContainerBase.threadStart Exception in thread "ContainerBackgroundProcessor[StandardEngine[Catalina]]"
java.lang.OutOfMemoryError: GC overhead limit exceeded
    at com.example.scheduler.StatsTask.run(StatsTask.java:77)
15-Sep-2026 15:03:01.234 INFO [main] org.apache.catalina.core.StandardServer.await A valid shutdown command was received via the shutdown port. Stopping the Server instance.
15-Sep-2026 15:03:01.567 INFO [main] org.apache.coyote.AbstractProtocol.pause Pausing ProtocolHandler ["http-nio-8080"]
